[dev.timbleglance.com/index.html]
[backblue.gif]
[fade.gif]
[index.html]
[dev.timbleglance.com/feed/index.html]
[dev.timbleglance.com/comments/feed/index.html]
[dev.timbleglance.com/wp-content/plugins/google-analytics-for-wordpress/assets/js/frontend-gtag.min3009.js]
[dev.timbleglance.com/wp-includes/js/jquery/jquery.minf43b.js]
[dev.timbleglance.com/wp-includes/js/jquery/jquery-migrate.min5589.js]
[dev.timbleglance.com/wp-content/plugins/elementor/assets/lib/font-awesome/js/v4-shims.min78fb.js]
[dev.timbleglance.com/wp-content/plugins/ele-custom-skin/assets/js/ecs_ajax_pagination20f0.js]
[dev.timbleglance.com/wp-content/plugins/ele-custom-skin/assets/js/ecs20f0.js]
[dev.timbleglance.com/wp-json/index.html]
[dev.timbleglance.com/wp-json/wp/v2/pages/73.json]
[dev.timbleglance.com/xmlrpc0db0.php]
[dev.timbleglance.com/wp-json/oembed/1.0/embed6675.json]
[dev.timbleglance.com/wp-json/oembed/1.0/embedceab]
[maxcdn.bootstrapcdn.com/bootstrap/4.0.0/css/bootstrap.min.css]
[dev.timbleglance.com/wp-content/uploads/2024/04/Mask-Group-5.png]
[dev.timbleglance.com/wp-content/uploads/2024/01/timble-logo.png]
[dev.timbleglance.com/wp-content/uploads/2024/02/1_02.mp4]
[dev.timbleglance.com/alternate-data-services/index.html]
[dev.timbleglance.com/erpv/index.html]
[dev.timbleglance.com/bespoke-technology-solutions/index.html]
[dev.timbleglance.com/bank-statement-analyser/index.html]
[dev.timbleglance.com/about-us/index.html]
[dev.timbleglance.com/contact-us/index.html]
[dev.timbleglance.com/resources/index.html]
[dev.timbleglance.com/wp-content/uploads/2024/03/white-BG.png]
[dev.timbleglance.com/wp-content/uploads/2024/01/icon1.png]
[dev.timbleglance.com/wp-content/uploads/2024/01/icon2.png]
[dev.timbleglance.com/wp-content/uploads/2024/01/icon3.png]
[dev.timbleglance.com/wp-content/uploads/2024/01/icon4.png]
[dev.timbleglance.com/wp-content/uploads/2024/01/icon5.png]
[dev.timbleglance.com/ai-based-facial-and-document-recognition/index.html]
[dev.timbleglance.com/wp-content/uploads/2024/02/account_01.mp4]
[dev.timbleglance.com/wp-content/uploads/2024/02/Scan_01.mp4]
[dev.timbleglance.com/wp-content/uploads/2024/02/Location_02.mp4]
[dev.timbleglance.com/wp-content/uploads/2024/02/Server_01.mp4]
[dev.timbleglance.com/wp-content/uploads/2024/02/Search_02.mp4]
[dev.timbleglance.com/wp-content/uploads/2024/03/timble.png]
[dev.timbleglance.com/wp-content/uploads/2024/02/Security_01.mp4]
[dev.timbleglance.com/wp-content/uploads/2024/01/end-to-end.png]
[dev.timbleglance.com/wp-content/uploads/2024/01/comprehensive.png]
[dev.timbleglance.com/wp-content/uploads/2024/01/continous.png]
[dev.timbleglance.com/wp-content/uploads/2024/01/real-time.png]
[dev.timbleglance.com/wp-content/uploads/2024/01/Banking.png]
[dev.timbleglance.com/wp-content/uploads/2024/01/insurance.png]
[dev.timbleglance.com/wp-content/uploads/2024/01/lending.png]
[dev.timbleglance.com/wp-content/uploads/2024/02/Group-3373.png]
[dev.timbleglance.com/wp-content/uploads/2024/02/Group-3374.png]
[dev.timbleglance.com/wp-content/uploads/2024/02/Group-3375.png]
[dev.timbleglance.com/wp-content/uploads/2024/02/Group-3376.png]
[dev.timbleglance.com/wp-content/uploads/2024/04/aadhar-card.png]
[dev.timbleglance.com/wp-content/uploads/2024/02/Group-3378.png]
[dev.timbleglance.com/wp-content/uploads/2024/02/Group-3379.png]
[dev.timbleglance.com/wp-content/uploads/2024/02/Group-3380.png]
[dev.timbleglance.com/wp-content/uploads/2024/02/Group-3381.png]
[dev.timbleglance.com/wp-content/uploads/2024/02/Group-3382.png]
[dev.timbleglance.com/wp-content/uploads/2024/02/Group-3383.png]
[dev.timbleglance.com/wp-content/uploads/2024/02/Group-3384.png]
[dev.timbleglance.com/wp-content/uploads/2024/03/ERPV.png]
[dev.timbleglance.com/wp-content/uploads/2024/03/Document-Recognition.png]
[dev.timbleglance.com/wp-content/uploads/2024/02/Blog-1.png]
[dev.timbleglance.com/wp-content/uploads/2024/01/timble-logo-1.png]
[dev.timbleglance.com/wp-content/uploads/2024/01/send.png]
[dev.timbleglance.com/erpv-innovations-in-physical-verification-for-a-digital-world/index.html]
[dev.timbleglance.com/wp-content/plugins/contact-form-7/includes/swv/js/index7404.js]
[dev.timbleglance.com/wp-content/plugins/contact-form-7/includes/js/index7404.js]
[dev.timbleglance.com/unlocking-the-power-of-intelligent-document-recognition-a-comprehensive-guide/index.html]
[dev.timbleglance.com/wp-content/plugins/country-phone-field-contact-form-7/assets/js/intlTelInput.min2277.js]
[dev.timbleglance.com/wp-content/plugins/country-phone-field-contact-form-7/assets/js/countrySelect.min2277.js]
[dev.timbleglance.com/wp-content/themes/hello-elementor/assets/js/hello-frontend.min41fe.js]
[dev.timbleglance.com/wp-content/plugins/elementskit-lite/libs/framework/assets/js/frontend-script0226.js]
[dev.timbleglance.com/wp-content/plugins/elementskit-lite/widgets/init/assets/js/widget-scripts0226.js]
[dev.timbleglance.com/how-ai-powered-financial-statement-analysers-speed-up-creditworthiness-assessments/index.html]
[dev.timbleglance.com/privacy-policy/index.html]
[dev.timbleglance.com/wp-content/plugins/header-footer-elementor/inc/js/frontend942d.js]
[dev.timbleglance.com/wp-includes/js/imagesloaded.minbb93.js]
[dev.timbleglance.com/wp-content/plugins/elementor-pro-1/assets/js/webpack-pro.runtime.mince54.js]
[dev.timbleglance.com/wp-content/plugins/elementor/assets/js/webpack.runtime.min78fb.js]
[dev.timbleglance.com/wp-content/plugins/elementor/assets/js/frontend-modules.min78fb.js]
[dev.timbleglance.com/wp-includes/js/dist/vendor/wp-polyfill-inert.min0226.js]
[dev.timbleglance.com/wp-includes/js/dist/vendor/regenerator-runtime.min6c85.js]
[dev.timbleglance.com/wp-includes/js/dist/vendor/wp-polyfill.min2c7c.js]
[dev.timbleglance.com/wp-includes/js/dist/hooks.min2757.js]
[dev.timbleglance.com/wp-includes/js/dist/i18n.minc33c.js]
[dev.timbleglance.com/wp-content/plugins/elementor-pro-1/assets/js/frontend.mince54.js]
[dev.timbleglance.com/wp-content/plugins/elementor/assets/lib/waypoints/waypoints.min05da.js]
[dev.timbleglance.com/wp-includes/js/jquery/ui/core.min3f14.js]
[dev.timbleglance.com/wp-content/plugins/elementor/assets/js/frontend.min78fb.js]
[dev.timbleglance.com/wp-content/plugins/elementor-pro-1/assets/js/elements-handlers.mince54.js]
[dev.timbleglance.com/wp-content/plugins/elementskit-lite/widgets/init/assets/js/animate-circle.min0226.js]
[dev.timbleglance.com/wp-content/plugins/elementskit-lite/widgets/init/assets/js/elementor0226.js]
[dev.timbleglance.com/wp-includes/js/underscore.mind584.js]
[dev.timbleglance.com/wp-includes/js/wp-util.min2277.js]
[dev.timbleglance.com/wp-content/plugins/wpforms-lite/assets/js/integrations/elementor/frontend.min8cb8.js]
[dev.timbleglance.com/index.html]
[dev.timbleglance.com/xmlrpc.php]
[dev.timbleglance.com/wp-content/plugins/contact-form-7/includes/css/styles7404.css]
[dev.timbleglance.com/wp-content/plugins/country-phone-field-contact-form-7/assets/img/flags.png]
[dev.timbleglance.com/wp-content/plugins/country-phone-field-contact-form-7/assets/img/flags@2x.png]
[dev.timbleglance.com/wp-content/plugins/country-phone-field-contact-form-7/assets/css/intlTelInput.min2277.css]
[dev.timbleglance.com/wp-content/plugins/country-phone-field-contact-form-7/assets/css/countrySelect.min2277.css]
[dev.timbleglance.com/wp-content/plugins/header-footer-elementor/assets/css/header-footer-elementor942d.css]
[dev.timbleglance.com/wp-content/plugins/elementor/assets/css/frontend-lite.min78fb.css]
[dev.timbleglance.com/wp-content/plugins/elementor/assets/lib/swiper/v8/css/swiper.min94a4.css]
[dev.timbleglance.com/wp-content/uploads/elementor/css/post-9627f.css]
[dev.timbleglance.com/wp-content/plugins/elementor-pro-1/assets/css/frontend-lite.mince54.css]
[dev.timbleglance.com/wp-content/plugins/elementor/assets/lib/font-awesome/webfonts/fa-brands-400.eot]
[dev.timbleglance.com/wp-content/plugins/elementor/assets/lib/font-awesome/webfonts/fa-brands-400d41d.eot]
[dev.timbleglance.com/wp-content/plugins/elementor/assets/lib/font-awesome/webfonts/fa-brands-400.woff2]
[dev.timbleglance.com/wp-content/plugins/elementor/assets/lib/font-awesome/webfonts/fa-brands-400.woff]
[dev.timbleglance.com/wp-content/plugins/elementor/assets/lib/font-awesome/webfonts/fa-brands-400.ttf]
[dev.timbleglance.com/wp-content/plugins/elementor/assets/lib/font-awesome/webfonts/fa-regular-400.eot]
[dev.timbleglance.com/wp-content/plugins/elementor/assets/lib/font-awesome/webfonts/fa-regular-400d41d.eot]
[dev.timbleglance.com/wp-content/plugins/elementor/assets/lib/font-awesome/webfonts/fa-regular-400.woff2]
[dev.timbleglance.com/wp-content/plugins/elementor/assets/lib/font-awesome/webfonts/fa-regular-400.woff]
[dev.timbleglance.com/wp-content/plugins/elementor/assets/lib/font-awesome/webfonts/fa-regular-400.ttf]
[dev.timbleglance.com/wp-content/plugins/elementor/assets/lib/font-awesome/webfonts/fa-solid-900.eot]
[dev.timbleglance.com/wp-content/plugins/elementor/assets/lib/font-awesome/webfonts/fa-solid-900d41d.eot]
[dev.timbleglance.com/wp-content/plugins/elementor/assets/lib/font-awesome/webfonts/fa-solid-900.woff2]
[dev.timbleglance.com/wp-content/plugins/elementor/assets/lib/font-awesome/webfonts/fa-solid-900.woff]
[dev.timbleglance.com/wp-content/plugins/elementor/assets/lib/font-awesome/webfonts/fa-solid-900.ttf]
[dev.timbleglance.com/wp-content/plugins/elementor/assets/lib/font-awesome/css/all.min78fb.css]
[dev.timbleglance.com/wp-content/plugins/elementor/assets/lib/font-awesome/css/v4-shims.min78fb.css]
[dev.timbleglance.com/wp-content/uploads/elementor/css/global627f.css]
[dev.timbleglance.com/wp-content/uploads/2024/01/Homepagebg.png]
[dev.timbleglance.com/wp-content/uploads/elementor/css/post-73b977.css]
[dev.timbleglance.com/wp-content/plugins/header-footer-elementor/inc/widgets-css/frontend942d.css]
[dev.timbleglance.com/wp-content/uploads/elementor/css/post-13b977.css]
[dev.timbleglance.com/wp-content/uploads/2024/01/footer-bg.png]
[dev.timbleglance.com/wp-content/uploads/elementor/css/post-33b977.css]
[dev.timbleglance.com/wp-content/themes/hello-elementor/style.min41fe.css]
[dev.timbleglance.com/wp-content/themes/hello-elementor/theme.min41fe.css]
[dev.timbleglance.com/wp-content/themes/hello-elementor/header-footer.min41fe.css]
[dev.timbleglance.com/wp-content/plugins/elementskit-lite/modules/elementskit-icon-pack/assets/fonts/elementskit97ac.woff]
[dev.timbleglance.com/wp-content/plugins/elementskit-lite/modules/elementskit-icon-pack/assets/css/ekiticons0226.css]
[dev.timbleglance.com/wp-content/themes/hello-theme-child-master/style001e.css]
[dev.timbleglance.com/wp-content/plugins/elementskit-lite/widgets/init/assets/img/arrow.png]
[dev.timbleglance.com/wp-content/plugins/elementskit-lite/widgets/init/assets/img/sort_asc.png]
[dev.timbleglance.com/wp-content/plugins/elementskit-lite/widgets/init/assets/img/sort_desc.png]
[dev.timbleglance.com/wp-content/plugins/elementskit-lite/widgets/init/assets/img/sort_asc_disabled.png]
[dev.timbleglance.com/wp-content/plugins/elementskit-lite/widgets/init/assets/css/widget-styles0226.css]
[dev.timbleglance.com/wp-content/plugins/elementskit-lite/widgets/init/assets/css/responsive0226.css]
[dev.timbleglance.com/wp-content/plugins/ele-custom-skin/assets/css/ecs-style20f0.css]
[dev.timbleglance.com/wp-content/uploads/elementor/css/post-7953145.css]
[dev.timbleglance.com/wp-content/uploads/elementor/css/post-816fcfb.css]
[maxcdn.bootstrapcdn.com/bootstrap/4.0.0/css/bootstrap.min.css]
[dev.timbleglance.com/wp-json/wp/v2/pages/676.json]
[dev.timbleglance.com/wp-json/oembed/1.0/embed674e.json]
[dev.timbleglance.com/wp-json/oembed/1.0/embed706b]
[dev.timbleglance.com/wp-content/uploads/2024/03/square.png]
[dev.timbleglance.com/wp-content/uploads/2024/02/Instant-Fraud-Detection-300x300.png]
[dev.timbleglance.com/wp-content/uploads/2024/02/Bulk-Verification-300x300.png]
[dev.timbleglance.com/wp-content/uploads/2024/02/Data-Protection-with-Higher-accuracy-300x300.png]
[dev.timbleglance.com/wp-content/uploads/2024/02/Seamless-Customer-Experience.png]
[dev.timbleglance.com/wp-content/uploads/2024/02/AI-Powered-KYC-Solutions.png]
[dev.timbleglance.com/wp-content/uploads/2024/02/Precise-and-Reliable-Identification.png]
[dev.timbleglance.com/wp-content/uploads/2024/02/Reduced-Onboarding-and-Verification-Costs.png]
[dev.timbleglance.com/wp-content/uploads/2024/02/Enhanced-User-Experience.png]
[dev.timbleglance.com/alternate-data-services/index.html]
[dev.timbleglance.com/wp-json/wp/v2/pages/686.json]
[dev.timbleglance.com/wp-json/oembed/1.0/embed1b5d.json]
[dev.timbleglance.com/wp-json/oembed/1.0/embedc5f2]
[dev.timbleglance.com/wp-content/uploads/2024/02/Access-Controls-based-on-Match-Percentage-01-300x300.png]
[dev.timbleglance.com/wp-content/uploads/2024/02/Identity-Verification-300x300.png]
[dev.timbleglance.com/wp-content/uploads/2024/02/Adaptability-and-Scalability-300x300.png]
[dev.timbleglance.com/wp-content/uploads/2024/02/Smoother-Onboarding-Processes.png]
[dev.timbleglance.com/wp-content/uploads/2024/02/Precise-and-Reliable-Identification-1.png]
[dev.timbleglance.com/wp-content/uploads/2024/02/Access-Controls-Based-on-Match.png]
[dev.timbleglance.com/wp-content/uploads/2024/02/Reduced-Cost-and-Manual-Effort.png]
[dev.timbleglance.com/wp-content/uploads/2024/02/Enhanced-User-Experience-1.png]
[dev.timbleglance.com/ai-based-facial-and-document-recognition/index.html]
[dev.timbleglance.com/wp-json/wp/v2/pages/639.json]
[dev.timbleglance.com/wp-json/oembed/1.0/embed600c.json]
[dev.timbleglance.com/wp-json/oembed/1.0/embed4a31]
[dev.timbleglance.com/wp-content/uploads/2024/02/Address-Precision-with-GEO-Coordinates--300x300.png]
[dev.timbleglance.com/wp-content/uploads/2024/02/ML-Powered-Efficiency.png]
[dev.timbleglance.com/wp-content/uploads/2024/02/Seamlessly-integration-with-your-tech-stack.png]
[dev.timbleglance.com/wp-content/uploads/2024/02/Quick-TAT-Turnaround-Time.png]
[dev.timbleglance.com/wp-content/uploads/2024/02/Minimise-Paperwork.png]
[dev.timbleglance.com/wp-content/uploads/2024/02/Instant-Results.png]
[dev.timbleglance.com/wp-content/uploads/2024/02/No-Physical-Interaction-Required.png]
[dev.timbleglance.com/wp-content/uploads/2024/02/Regulatory-Compliant.png]
[dev.timbleglance.com/wp-content/uploads/2024/02/Configurable-Solutions.png]
[dev.timbleglance.com/wp-content/uploads/2024/02/Accurate-Results.png]
[dev.timbleglance.com/erpv/index.html]
[dev.timbleglance.com/wp-json/wp/v2/pages/692.json]
[dev.timbleglance.com/wp-json/oembed/1.0/embed9183.json]
[dev.timbleglance.com/wp-json/oembed/1.0/embed6d19]
[dev.timbleglance.com/wp-content/uploads/2024/02/Safeguarding-the-Integrity-of-Institutions-300x300.png]
[dev.timbleglance.com/wp-content/uploads/2024/02/Adapting-to-an-Evolving-Threat-Landscape-300x300.png]
[dev.timbleglance.com/wp-content/uploads/2024/02/Unlocking-Customer-Risk-Profiling-300x300.png]
[dev.timbleglance.com/wp-content/uploads/2024/02/Combatting-Suspicious-Activities.png]
[dev.timbleglance.com/wp-content/uploads/2024/02/Operational-Efficiencies.png]
[dev.timbleglance.com/wp-content/uploads/2024/02/Automated-Reports-Generation-298x300.png]
[dev.timbleglance.com/wp-content/uploads/2024/02/Accurate-Reports-with-Advanced-Algorithms-.png]
[dev.timbleglance.com/bespoke-technology-solutions/index.html]
[dev.timbleglance.com/wp-json/wp/v2/pages/659.json]
[dev.timbleglance.com/wp-json/oembed/1.0/embedc579.json]
[dev.timbleglance.com/wp-json/oembed/1.0/embed585a]
[dev.timbleglance.com/wp-content/uploads/2024/02/Comprehensive-data-insights-300x300.png]
[dev.timbleglance.com/wp-content/uploads/2024/02/ML-Powered-Efficiency-300x300.png]
[dev.timbleglance.com/wp-content/uploads/2024/02/Seamlessly-integration-with-your-tech-stack-1-300x300.png]
[dev.timbleglance.com/bank-statement-analyser/index.html]
[dev.timbleglance.com/wp-json/wp/v2/pages/397.json]
[dev.timbleglance.com/wp-json/oembed/1.0/embedac67.json]
[dev.timbleglance.com/wp-json/oembed/1.0/embedbb40]
[dev.timbleglance.com/wp-content/uploads/2024/02/group-image.jpg]
[dev.timbleglance.com/wp-content/uploads/2024/01/svgviewer-png-output-2-3.png]
[dev.timbleglance.com/wp-content/uploads/2024/02/unnamed.jpg]
[dev.timbleglance.com/wp-content/uploads/2024/02/pic.png]
[dev.timbleglance.com/wp-content/uploads/2024/01/Siddharth-Sir-picture.jpg]
[dev.timbleglance.com/wp-content/uploads/2024/02/Mr.-Prashant-Tandon.jpg]
[dev.timbleglance.com/wp-content/uploads/2024/01/IMG_4457-copy-1.jpg]
[dev.timbleglance.com/wp-content/plugins/elementor/assets/lib/jquery-numerator/jquery-numerator.min3958.js]
[dev.timbleglance.com/about-us/index.html]
[dev.timbleglance.com/wp-json/wp/v2/pages/298.json]
[dev.timbleglance.com/wp-json/oembed/1.0/embedd47c.json]
[dev.timbleglance.com/wp-json/oembed/1.0/embed177e]
[dev.timbleglance.com/wp-content/uploads/2024/01/svgviewer-png-output-10.png]
[dev.timbleglance.com/wp-content/uploads/2024/01/Blog-2.png]
[dev.timbleglance.com/wp-content/uploads/2024/01/Mask-Group-13.png]
[dev.timbleglance.com/kyc-best-practices-for-the-lending-industry/index.html]
[dev.timbleglance.com/wp-content/uploads/2024/01/images.png]
[dev.timbleglance.com/resources/index.html]
[dev.timbleglance.com/wp-content/uploads/2024/01/know-your-customer-banner-concept-of-identification-bank-client-analysis-risk-and-trust-business-anti-laundering-vector-landing-page-of-kyc-with-isome.png]
[dev.timbleglance.com/wp-json/wp/v2/pages/273.json]
[dev.timbleglance.com/wp-json/oembed/1.0/embed74d6.json]
[dev.timbleglance.com/wp-json/oembed/1.0/embed96f3]
[dev.timbleglance.com/contact-us/index.html]
[dev.timbleglance.com/wp-content/uploads/2024/01/3459559.jpg]
[dev.timbleglance.com/wp-content/plugins/elementor-pro-1/assets/css/widget-carousel.min.css]
[dev.timbleglance.com/wp-content/plugins/elementor-pro-1/assets/css/widget-posts.min.css]
[dev.timbleglance.com/erpv-innovations-in-physical-verification-for-a-digital-world/feed/index.html]
[dev.timbleglance.com/wp-json/wp/v2/posts/1337.json]
[dev.timbleglance.com/wp-json/oembed/1.0/embed8b54.json]
[dev.timbleglance.com/wp-json/oembed/1.0/embed6f7a]
[dev.timbleglance.com/wp-content/plugins/elementskit-lite/widgets/init/assets/js/goodshare.min0226.js]
[dev.timbleglance.com/erpv-innovations-in-physical-verification-for-a-digital-world/index.html]
[dev.timbleglance.com/unlocking-the-power-of-intelligent-document-recognition-a-comprehensive-guide/feed/index.html]
[dev.timbleglance.com/wp-json/wp/v2/posts/1330.json]
[dev.timbleglance.com/wp-json/oembed/1.0/embed9eab.json]
[dev.timbleglance.com/wp-json/oembed/1.0/embed6adf]
[dev.timbleglance.com/unlocking-the-power-of-intelligent-document-recognition-a-comprehensive-guide/index.html]
[dev.timbleglance.com/how-ai-powered-financial-statement-analysers-speed-up-creditworthiness-assessments/feed/index.html]
[dev.timbleglance.com/wp-json/wp/v2/posts/784.json]
[dev.timbleglance.com/wp-json/oembed/1.0/embed9e76.json]
[dev.timbleglance.com/wp-json/oembed/1.0/embedc78f]
[dev.timbleglance.com/how-ai-powered-financial-statement-analysers-speed-up-creditworthiness-assessments/index.html]
[dev.timbleglance.com/wp-content/plugins/elementor/assets/css/widget-icon-list.min.css]
[dev.timbleglance.com/wp-json/wp/v2/pages/1062.json]
[dev.timbleglance.com/wp-json/oembed/1.0/embed2c90.json]
[dev.timbleglance.com/wp-json/oembed/1.0/embed96ca]
[dev.timbleglance.com/wp-content/uploads/2024/02/Data-Privacy.jpg]
[dev.timbleglance.com/privacy-policy/index.html]
[dev.timbleglance.com/wp-content/uploads/elementor/css/post-1219b977.css]
[dev.timbleglance.com/wp-content/plugins/elementor/assets/lib/animations/animations.min78fb.css]
[dev.timbleglance.com/wp-content/plugins/elementor/assets/lib/font-awesome/webfonts/fa-brands-400.svg]
[dev.timbleglance.com/wp-content/plugins/elementor/assets/lib/font-awesome/webfonts/fa-regular-400.svg]
[dev.timbleglance.com/wp-content/plugins/elementor/assets/lib/font-awesome/webfonts/fa-solid-900.svg]
[dev.timbleglance.com/wp-content/plugins/elementskit-lite/widgets/init/assets/img/cross-out.svg]
[dev.timbleglance.com/wp-content/uploads/2024/02/Group-3333.png]
[dev.timbleglance.com/wp-content/uploads/elementor/css/post-6766509.css]
[dev.timbleglance.com/wp-content/uploads/elementor/css/post-686d1af.css]
[dev.timbleglance.com/wp-content/uploads/elementor/css/post-6395ff6.css]
[dev.timbleglance.com/wp-content/uploads/elementor/css/post-6929180.css]
[dev.timbleglance.com/wp-content/uploads/elementor/css/post-6592ea0.css]
[dev.timbleglance.com/wp-content/uploads/elementor/css/post-397e18c.css]
[dev.timbleglance.com/wp-content/uploads/elementor/css/post-298e9ed.css]
[dev.timbleglance.com/wp-content/plugins/elementor-pro-1/assets/css/widget-theme-elements.min.css]
[dev.timbleglance.com/kyc-best-practices-for-the-lending-industry/feed/index.html]
[dev.timbleglance.com/wp-json/wp/v2/posts/382.json]
[dev.timbleglance.com/wp-json/oembed/1.0/embed3dce.json]
[dev.timbleglance.com/wp-json/oembed/1.0/embed9400]
[dev.timbleglance.com/kyc-best-practices-for-the-lending-industry/index.html]
[dev.timbleglance.com/wp-content/uploads/elementor/css/post-2738964.css]
[dev.timbleglance.com/wp-content/uploads/elementor/css/post-13372fc4.css]
[dev.timbleglance.com/wp-content/uploads/elementor/css/post-1330c743.css]
[dev.timbleglance.com/wp-content/uploads/elementor/css/post-784a26c.css]
[dev.timbleglance.com/wp-content/uploads/elementor/css/post-10626067.css]
[dev.timbleglance.com/wp-content/uploads/2024/02/ISO-270013.svg]
[dev.timbleglance.com/wp-content/plugins/elementor/assets/mask-shapes/circle.svg]
[dev.timbleglance.com/wp-content/uploads/elementor/css/post-382fa9e.css]
[dev.timbleglance.com/login.html]
